// Vitest Snapshot v1, https://vitest.dev/guide/snapshot.html

exports[`golden-file tests > defaultConfig() snapshot 1`] = `
{
  "bpm": 110,
  "kitId": "808",
  "mixer": {
    "ac": {
      "gain": 0.5,
      "isMuted": false,
      "isSolo": false,
      "pan": 0.5,
    },
    "bd": {
      "gain": 1,
      "isMuted": false,
      "isSolo": false,
      "pan": 0.5,
    },
    "cb": {
      "gain": 1,
      "isMuted": false,
      "isSolo": false,
      "pan": 0.5,
    },
    "ch": {
      "gain": 1,
      "isMuted": false,
      "isSolo": false,
      "pan": 0.5,
    },
    "cp": {
      "gain": 1,
      "isMuted": false,
      "isSolo": false,
      "pan": 0.5,
    },
    "cy": {
      "gain": 1,
      "isMuted": false,
      "isSolo": false,
      "pan": 0.5,
    },
    "ht": {
      "gain": 1,
      "isMuted": false,
      "isSolo": false,
      "pan": 0.5,
    },
    "lt": {
      "gain": 1,
      "isMuted": false,
      "isSolo": false,
      "pan": 0.5,
    },
    "mt": {
      "gain": 1,
      "isMuted": false,
      "isSolo": false,
      "pan": 0.5,
    },
    "oh": {
      "gain": 1,
      "isMuted": false,
      "isSolo": false,
      "pan": 0.5,
    },
    "rs": {
      "gain": 1,
      "isMuted": false,
      "isSolo": false,
      "pan": 0.5,
    },
    "sd": {
      "gain": 1,
      "isMuted": false,
      "isSolo": false,
      "pan": 0.5,
    },
  },
  "swing": 0,
  "tracks": {
    "ac": {
      "steps": "0000000000000000",
    },
    "bd": {
      "steps": "1000100010001000",
    },
    "cb": {
      "steps": "0000000000000000",
    },
    "ch": {
      "steps": "0000000000000000",
    },
    "cp": {
      "steps": "0000100000001000",
    },
    "cy": {
      "steps": "0000000000000000",
    },
    "ht": {
      "steps": "0000000000000000",
    },
    "lt": {
      "steps": "0000000000000000",
    },
    "mt": {
      "steps": "0000000000000000",
    },
    "oh": {
      "steps": "0010001000100010",
    },
    "rs": {
      "steps": "0000000000000000",
    },
    "sd": {
      "steps": "0000000000000000",
    },
  },
  "version": 4,
}
`;
